// Jest Snapshot v1, https://goo.gl/fbAQLP

exports[`LoginForm changes the class when hovered 1`] = `
<div>
  <div>
    <div>
      <input
        onChange={[Function]}
        placeholder="이메일"
        type="text"
        value=""
      />
      <h1>
        
      </h1>
    </div>
    <div>
      <input
        onChange={[Function]}
        placeholder="비밀번호"
        type="password"
        value=""
      />
      <h1>
        
      </h1>
    </div>
  </div>
  <input
    onClick={[Function]}
    type="button"
    value="회사 로그인으로 전환"
  />
</div>
`;
