// Jest Snapshot v1, https://goo.gl/fbAQLP

exports[`App changes the class when hovered 1`] = `
<div
  className="sc-eCstlR iJGrrf"
>
  <div
    className="sc-bdfBQB drNOsf"
  >
    <div
      className="sc-gsTEea mCwxa"
    />
    <div
      className="sc-dlfnuX gBFZNp"
    />
  </div>
  <div
    className="sc-jSgvzq PHgkg"
  >
    <div>
      <table
        border="1"
      >
        <th>
          A
        </th>
        <th>
          B
        </th>
        <th>
          C
        </th>
        <th>
          D
        </th>
        <th>
          E
        </th>
        <tr>
          <td>
            test1
          </td>
          <td>
            test2
          </td>
          <td>
            test3
          </td>
          <td>
            test4
          </td>
          <td>
            test5
          </td>
        </tr>
      </table>
    </div>
    <div>
      <div>
        <div>
          <input
            onChange={[Function]}
            placeholder="이메일"
            type="text"
            value=""
          />
          <h1>
            
          </h1>
        </div>
        <div>
          <input
            onChange={[Function]}
            placeholder="비밀번호"
            type="password"
            value=""
          />
          <h1>
            
          </h1>
        </div>
      </div>
      <input
        onClick={[Function]}
        type="button"
        value="회사 로그인으로 전환"
      />
    </div>
  </div>
  <div
    className="sc-hKgJUU dFTgBg"
  >
    ⓒ ON-TERVIEW Corp.
  </div>
</div>
`;
