// Jest Snapshot v1, https://goo.gl/fbAQLP

exports[`App changes the class when hovered 1`] = `
<div
  className="sc-pGacB kJAcfD"
>
  <div
    className="sc-gKseQn gEyeQr"
  >
    <div
      className="sc-iBPTik qrlFK"
    />
    <div
      className="sc-fubCzh boBcxA"
    />
  </div>
  <div
    className="sc-jrAFXE bhDQnR"
  />
</div>
`;
